
   ,     #_
   ~\_  ####_        Amazon Linux 2023
  ~~  \_#####\
  ~~     \###|
  ~~       \#/ ___   https://aws.amazon.com/linux/amazon-linux-2023
   ~~       V~' '->
    ~~~         /
      ~~._.   _/
         _/ _/
       _/m/'
Last login: Wed Feb 12 07:23:22 2025 from 18.206.107.27
[ec2-user@ip-172-31-26-156 ~]$ lsblk
NAME      MAJ:MIN RM SIZE RO TYPE MOUNTPOINTS
xvda      202:0    0   8G  0 disk 
├─xvda1   202:1    0   8G  0 part /
├─xvda127 259:0    0   1M  0 part 
└─xvda128 259:1    0  10M  0 part /boot/efi
xvdb      202:16   0  50G  0 disk 
[ec2-user@ip-172-31-26-156 ~]$ fdisk /dev/xvdb

Welcome to fdisk (util-linux 2.37.4).
Changes will remain in memory only, until you decide to write them.
Be careful before using the write command.

fdisk: cannot open /dev/xvdb: Permission denied
[ec2-user@ip-172-31-26-156 ~]$ sudo -i
[root@ip-172-31-26-156 ~]# fdisk /dev/xvdb

Welcome to fdisk (util-linux 2.37.4).
Changes will remain in memory only, until you decide to write them.
Be careful before using the write command.

The device contains 'ext4' signature and it will be removed by a write command. See fdisk(8) man page and --wipe option for more details.

Device does not contain a recognized partition table.
Created a new DOS disklabel with disk identifier 0x56ed4b1c.

Command (m for help): m

Help:

  DOS (MBR)
   a   toggle a bootable flag
   b   edit nested BSD disklabel
   c   toggle the dos compatibility flag

  Generic
   d   delete a partition
   F   list free unpartitioned space
   l   list known partition types
   n   add a new partition
   p   print the partition table
   t   change a partition type
   v   verify the partition table
   i   print information about a partition

  Misc
   m   print this menu
   u   change display/entry units
   x   extra functionality (experts only)

  Script
   I   load disk layout from sfdisk script file
   O   dump disk layout to sfdisk script file

  Save & Exit
   w   write table to disk and exit
   q   quit without saving changes

  Create a new label
   g   create a new empty GPT partition table
   G   create a new empty SGI (IRIX) partition table
   o   create a new empty DOS partition table
   s   create a new empty Sun partition table


Command (m for help): n
Partition type
   p   primary (0 primary, 0 extended, 4 free)
   e   extended (container for logical partitions)
Select (default p): p
Partition number (1-4, default 1): 
First sector (2048-104857599, default 2048): 
Last sector, +/-sectors or +/-size{K,M,G,T,P} (2048-104857599, default 104857599): +20G

Created a new partition 1 of type 'Linux' and of size 20 GiB.

Command (m for help): m

Help:

  DOS (MBR)
   a   toggle a bootable flag
   b   edit nested BSD disklabel
   c   toggle the dos compatibility flag

  Generic
   d   delete a partition
   F   list free unpartitioned space
   l   list known partition types
   n   add a new partition
   p   print the partition table
   t   change a partition type
   v   verify the partition table
   i   print information about a partition

  Misc
   m   print this menu
   u   change display/entry units
   x   extra functionality (experts only)

  Script
   I   load disk layout from sfdisk script file
   O   dump disk layout to sfdisk script file

  Save & Exit
   w   write table to disk and exit
   q   quit without saving changes

  Create a new label
   g   create a new empty GPT partition table
   G   create a new empty SGI (IRIX) partition table
   o   create a new empty DOS partition table
   s   create a new empty Sun partition table


Command (m for help): w
The partition table has been altered.
Calling ioctl() to re-read partition table.
Syncing disks.

[root@ip-172-31-26-156 ~]# lsblk
NAME      MAJ:MIN RM SIZE RO TYPE MOUNTPOINTS
xvda      202:0    0   8G  0 disk 
├─xvda1   202:1    0   8G  0 part /
├─xvda127 259:0    0   1M  0 part 
└─xvda128 259:1    0  10M  0 part /boot/efi
xvdb      202:16   0  50G  0 disk 
└─xvdb1   202:17   0  20G  0 part 
[root@ip-172-31-26-156 ~]# partprobe
[root@ip-172-31-26-156 ~]# mkfs.xfs /dev/xvdb
xvdb   xvdb1  
[root@ip-172-31-26-156 ~]# mkfs.xfs /dev/xvdb
xvdb   xvdb1  
[root@ip-172-31-26-156 ~]# mkfs.xfs /dev/xvdb1
meta-data=/dev/xvdb1             isize=512    agcount=4, agsize=1310720 blks
         =                       sectsz=512   attr=2, projid32bit=1
         =                       crc=1        finobt=1, sparse=1, rmapbt=0
         =                       reflink=1    bigtime=1 inobtcount=1
data     =                       bsize=4096   blocks=5242880, imaxpct=25
         =                       sunit=0      swidth=0 blks
naming   =version 2              bsize=4096   ascii-ci=0, ftype=1
log      =internal log           bsize=4096   blocks=16384, version=2
         =                       sectsz=512   sunit=0 blks, lazy-count=1
realtime =none                   extsz=4096   blocks=0, rtextents=0


[root@ip-172-31-26-156 ~]# mount /dev/xvdb1 /mnt/
[root@ip-172-31-26-156 ~]# lsblk
NAME      MAJ:MIN RM SIZE RO TYPE MOUNTPOINTS
xvda      202:0    0   8G  0 disk 
├─xvda1   202:1    0   8G  0 part /
├─xvda127 259:0    0   1M  0 part 
└─xvda128 259:1    0  10M  0 part /boot/efi
xvdb      202:16   0  50G  0 disk 
└─xvdb1   202:17   0  20G  0 part /mnt
[root@ip-172-31-26-156 ~]# 
